Plotted to 'E:\Projects\MagMouse\hardware\bench\copper-images\Main-F.Cu.svg'.
Done.
Plotted to 'E:\Projects\MagMouse\hardware\bench\copper-images\Main-In1.Cu.svg'.
Done.
Plotted to 'E:\Projects\MagMouse\hardware\bench\copper-images\Main-In2.Cu.svg'.
Done.
Plotted to 'E:\Projects\MagMouse\hardware\bench\copper-images\Main-B.Cu.svg'.
Done.
Plotted to 'E:\Projects\MagMouse\hardware\bench\copper-images\Wheel-F.Cu.svg'.
Done.
Plotted to 'E:\Projects\MagMouse\hardware\bench\copper-images\Wheel-In1.Cu.svg'.
Done.
Plotted to 'E:\Projects\MagMouse\hardware\bench\copper-images\Wheel-In2.Cu.svg'.
Done.
Plotted to 'E:\Projects\MagMouse\hardware\bench\copper-images\Wheel-B.Cu.svg'.
Done.
Plotted to 'E:\Projects\MagMouse\hardware\bench\copper-images\Encoder-F.Cu.svg'.
Done.
Plotted to 'E:\Projects\MagMouse\hardware\bench\copper-images\Encoder-In1.Cu.svg'.
Done.
Plotted to 'E:\Projects\MagMouse\hardware\bench\copper-images\Encoder-In2.Cu.svg'.
Done.
Plotted to 'E:\Projects\MagMouse\hardware\bench\copper-images\Encoder-B.Cu.svg'.
Done.
Plotted to 'E:\Projects\MagMouse\hardware\bench\copper-images\Panel-F.Cu.svg'.
Done.
Plotted to 'E:\Projects\MagMouse\hardware\bench\copper-images\Panel-In1.Cu.svg'.
Done.
Plotted to 'E:\Projects\MagMouse\hardware\bench\copper-images\Panel-In2.Cu.svg'.
Done.
Plotted to 'E:\Projects\MagMouse\hardware\bench\copper-images\Panel-B.Cu.svg'.
Done.
Rendered 16 copper layers into E:\Projects\MagMouse\hardware\bench\copper-images
