{
  "scope": "Type-C/source controls, main actuator distribution and interlocks to cable headers",
  "nets": {
    "ACT_5V": {
      "pads": 20,
      "track_mm": 360.46,
      "vias": 17
    },
    "ACT_DRIVE_EN": {
      "pads": 11,
      "track_mm": 136.239,
      "vias": 15
    },
    "ACT_DVDT": {
      "pads": 3,
      "track_mm": 2.681,
      "vias": 0
    },
    "ACT_FAULT_N": {
      "pads": 3,
      "track_mm": 5.799,
      "vias": 0
    },
    "ACT_HEARTBEAT": {
      "pads": 3,
      "track_mm": 56.423,
      "vias": 8
    },
    "ACT_ILM": {
      "pads": 3,
      "track_mm": 9.049,
      "vias": 0
    },
    "ACT_OVLO": {
      "pads": 3,
      "track_mm": 27.726,
      "vias": 3
    },
    "ACT_PERMIT": {
      "pads": 2,
      "track_mm": 46.175,
      "vias": 2
    },
    "ACT_REQ": {
      "pads": 3,
      "track_mm": 39.466,
      "vias": 7
    },
    "ACT_UVLO": {
      "pads": 5,
      "track_mm": 23.651,
      "vias": 3
    },
    "ACT_UV_1": {
      "pads": 2,
      "track_mm": 3.65,
      "vias": 0
    },
    "ACT_UV_2": {
      "pads": 2,
      "track_mm": 4.65,
      "vias": 0
    },
    "ARM_SOURCE": {
      "pads": 2,
      "track_mm": 0.7,
      "vias": 0
    },
    "ARM_VALID": {
      "pads": 3,
      "track_mm": 65.836,
      "vias": 4
    },
    "BTN_L_CMD1": {
      "pads": 3,
      "track_mm": 45.774,
      "vias": 4
    },
    "BTN_L_CMD2": {
      "pads": 3,
      "track_mm": 41.738,
      "vias": 3
    },
    "BTN_L_COIL_N": {
      "pads": 2,
      "track_mm": 8.931,
      "vias": 0
    },
    "BTN_L_COIL_P": {
      "pads": 2,
      "track_mm": 13.229,
      "vias": 2
    },
    "BTN_L_IN1": {
      "pads": 3,
      "track_mm": 56.31,
      "vias": 2
    },
    "BTN_L_IN2": {
      "pads": 3,
      "track_mm": 61.939,
      "vias": 3
    },
    "BTN_M_CMD1": {
      "pads": 3,
      "track_mm": 35.92,
      "vias": 2
    },
    "BTN_M_CMD2": {
      "pads": 3,
      "track_mm": 45.748,
      "vias": 7
    },
    "BTN_M_COIL_N": {
      "pads": 2,
      "track_mm": 10.654,
      "vias": 2
    },
    "BTN_M_COIL_P": {
      "pads": 2,
      "track_mm": 10.085,
      "vias": 2
    },
    "BTN_M_IN1": {
      "pads": 3,
      "track_mm": 58.769,
      "vias": 3
    },
    "BTN_M_IN2": {
      "pads": 3,
      "track_mm": 46.25,
      "vias": 2
    },
    "BTN_R_CMD1": {
      "pads": 3,
      "track_mm": 27.652,
      "vias": 3
    },
    "BTN_R_CMD2": {
      "pads": 3,
      "track_mm": 23.474,
      "vias": 2
    },
    "BTN_R_COIL_N": {
      "pads": 2,
      "track_mm": 11.017,
      "vias": 2
    },
    "BTN_R_COIL_P": {
      "pads": 2,
      "track_mm": 13.1,
      "vias": 2
    },
    "BTN_R_IN1": {
      "pads": 3,
      "track_mm": 67.899,
      "vias": 4
    },
    "BTN_R_IN2": {
      "pads": 3,
      "track_mm": 73.323,
      "vias": 4
    },
    "CC_OUT1": {
      "pads": 4,
      "track_mm": 185.289,
      "vias": 11
    },
    "CC_OUT2": {
      "pads": 4,
      "track_mm": 130.787,
      "vias": 10
    },
    "CC_OUT2_INV": {
      "pads": 2,
      "track_mm": 47.82,
      "vias": 2
    },
    "CC_VBUS_DET": {
      "pads": 2,
      "track_mm": 3.507,
      "vias": 0
    },
    "DRV_FAULT_LOCAL_N": {
      "pads": 3,
      "track_mm": 48.704,
      "vias": 9
    },
    "DRV_FAULT_N": {
      "pads": 3,
      "track_mm": 73.744,
      "vias": 10
    },
    "HALL_EN": {
      "pads": 9,
      "track_mm": 241.709,
      "vias": 17
    },
    "MCU_EN": {
      "pads": 9,
      "track_mm": 198.044,
      "vias": 13
    },
    "SENS_REQ": {
      "pads": 3,
      "track_mm": 44.753,
      "vias": 3
    },
    "SOURCE_3A": {
      "pads": 3,
      "track_mm": 65.772,
      "vias": 4
    },
    "SOURCE_OK": {
      "pads": 5,
      "track_mm": 78.52,
      "vias": 9
    },
    "USB_CC1": {
      "pads": 3,
      "track_mm": 21.87,
      "vias": 0
    },
    "USB_CC2": {
      "pads": 3,
      "track_mm": 26.146,
      "vias": 2
    },
    "USB_FAULT_N": {
      "pads": 3,
      "track_mm": 5.475,
      "vias": 0
    },
    "VBUS_GATE": {
      "pads": 4,
      "track_mm": 11.652,
      "vias": 0
    },
    "VBUS_PRESENT_N": {
      "pads": 3,
      "track_mm": 75.483,
      "vias": 3
    },
    "WD_CEXT": {
      "pads": 2,
      "track_mm": 2.141,
      "vias": 0
    },
    "WD_RCEXT": {
      "pads": 3,
      "track_mm": 10.933,
      "vias": 0
    },
    "WHEEL_RUN_REQ": {
      "pads": 4,
      "track_mm": 107.121,
      "vias": 9
    }
  },
  "checked_ground_pads": 134,
  "checked_supply_pads": 25,
  "power_paths": [
    {
      "path": "U12.6 -> U13.5",
      "screening_milliohms": 35.534,
      "budget_milliohms": 50
    },
    {
      "path": "U13.6 -> U4.5",
      "screening_milliohms": 64.876,
      "budget_milliohms": 85
    },
    {
      "path": "U13.6 -> U5.5",
      "screening_milliohms": 58.973,
      "budget_milliohms": 85
    },
    {
      "path": "U13.6 -> U6.5",
      "screening_milliohms": 37.856,
      "budget_milliohms": 85
    },
    {
      "path": "U13.6 -> J10.1",
      "screening_milliohms": 40.927,
      "budget_milliohms": 50
    },
    {
      "path": "U4.6 -> J2.1",
      "screening_milliohms": 15.484,
      "budget_milliohms": 25
    },
    {
      "path": "U4.8 -> J2.2",
      "screening_milliohms": 15.841,
      "budget_milliohms": 25
    },
    {
      "path": "U5.6 -> J3.1",
      "screening_milliohms": 8.795,
      "budget_milliohms": 25
    },
    {
      "path": "U5.8 -> J3.2",
      "screening_milliohms": 11.974,
      "budget_milliohms": 25
    },
    {
      "path": "U6.6 -> J4.1",
      "screening_milliohms": 13.941,
      "budget_milliohms": 25
    },
    {
      "path": "U6.8 -> J4.2",
      "screening_milliohms": 14.198,
      "budget_milliohms": 25
    }
  ],
  "power_transition_vias": {
    "C40.1": 3,
    "J10.1": 0,
    "J10.2": 0
  },
  "button_ground_spreading": {
    "U4": {
      "local_front_connected_vias": 4,
      "F.Cu_filled_mm2": 38.072,
      "B.Cu_filled_mm2": 36.209
    },
    "U5": {
      "local_front_connected_vias": 4,
      "F.Cu_filled_mm2": 26.382,
      "B.Cu_filled_mm2": 46.259
    },
    "U6": {
      "local_front_connected_vias": 4,
      "F.Cu_filled_mm2": 36.223,
      "B.Cu_filled_mm2": 29.672
    }
  },
  "native_unconnected": 0,
  "limits": [
    "Copper resistance regression uses the shared 80 C track/barrel model; no ampacity or thermal qualification",
    "Connectivity is not proof of USB source transitions, reset/timeout behavior or cable/SPI timing",
    "Hall and button mechanical interfaces remain provisional; panelization is on hold"
  ],
  "errors": [],
  "board_sha256": "8409ba354f256351a7f6ae7d5e3897e9345be9f27948c99535ff4d7b8af19223"
}
