Plotted to 'E:\Projects\MagMouse\build\export-staging\f4425dd5-3f5b-4619-8ea0-1e6262ce29a5\Panel-F_Cu.gtl'.
Plotted to 'E:\Projects\MagMouse\build\export-staging\f4425dd5-3f5b-4619-8ea0-1e6262ce29a5\Panel-In1_Cu.g1'.
Plotted to 'E:\Projects\MagMouse\build\export-staging\f4425dd5-3f5b-4619-8ea0-1e6262ce29a5\Panel-In2_Cu.g2'.
Plotted to 'E:\Projects\MagMouse\build\export-staging\f4425dd5-3f5b-4619-8ea0-1e6262ce29a5\Panel-B_Cu.gbl'.
Plotted to 'E:\Projects\MagMouse\build\export-staging\f4425dd5-3f5b-4619-8ea0-1e6262ce29a5\Panel-F_Silkscreen.gto'.
Plotted to 'E:\Projects\MagMouse\build\export-staging\f4425dd5-3f5b-4619-8ea0-1e6262ce29a5\Panel-B_Silkscreen.gbo'.
Plotted to 'E:\Projects\MagMouse\build\export-staging\f4425dd5-3f5b-4619-8ea0-1e6262ce29a5\Panel-F_Mask.gts'.
Plotted to 'E:\Projects\MagMouse\build\export-staging\f4425dd5-3f5b-4619-8ea0-1e6262ce29a5\Panel-B_Mask.gbs'.
Plotted to 'E:\Projects\MagMouse\build\export-staging\f4425dd5-3f5b-4619-8ea0-1e6262ce29a5\Panel-Edge_Cuts.gm1'.
Created file 'E:\Projects\MagMouse\build\export-staging\4f46b4ec-9a95-4795-902f-0e4f6a40e8d8\Panel-PTH.drl'
Created file 'E:\Projects\MagMouse\build\export-staging\4f46b4ec-9a95-4795-902f-0e4f6a40e8d8\Panel-NPTH.drl'
Created file 'E:\Projects\MagMouse\build\export-staging\4f46b4ec-9a95-4795-902f-0e4f6a40e8d8\Panel-PTH-drl_map.svg'.
Created file 'E:\Projects\MagMouse\build\export-staging\4f46b4ec-9a95-4795-902f-0e4f6a40e8d8\Panel-NPTH-drl_map.svg'.
Done.
Plotted to 'E:\Projects\MagMouse\build\export-staging\8330370f-6bee-477a-a6cf-366c8c9afe32\Main.svg'.
Done.
Plotted to 'E:\Projects\MagMouse\build\export-staging\6cf958b1-9c0f-40cd-b1ef-70182a0448e2\Wheel.svg'.
Done.
Plotted to 'E:\Projects\MagMouse\build\export-staging\7f14749b-f4b1-4478-a164-e0d599ac6d68\Encoder.svg'.
Done.
Plotted to 'E:\Projects\MagMouse\build\export-staging\ce4f7a2e-74a7-4c13-bba6-c66a61e609fa\bench-stencil-F_Paste.gtp'.
Plotted to 'E:\Projects\MagMouse\build\export-staging\3d4c2e2b-dc7c-4731-9d8a-504038de051e\stencil.svg'.
Done.
Plotted to 'E:\Projects\MagMouse\build\export-staging\76b82527-ab2b-4e01-a14b-0d7fd6d6ac9e\F.Cu.svg'.
Done.
Plotted to 'E:\Projects\MagMouse\build\export-staging\382b914d-05f5-4858-bec3-12f5a6df678d\In1.Cu.svg'.
Done.
Plotted to 'E:\Projects\MagMouse\build\export-staging\bd3498c5-172c-48dd-a3f2-5cd590568ccd\In2.Cu.svg'.
Done.
Plotted to 'E:\Projects\MagMouse\build\export-staging\8385509c-1ace-4d3c-906c-15d133ae8579\B.Cu.svg'.
Done.
